Microchip MPLAB XC8 Compiler V2.40

Linker command line:

-W-3 \
  --edf=C:\Program Files\Microchip\xc8\v2.40\pic\dat\20220703182018_en.msgs \
  -cn -h+dist/default/production\GPIO_Driver.production.sym \
  --cmf=dist/default/production\GPIO_Driver.production.cmf -z -Q18F4620 \
  -oC:\Users\DELL\AppData\Local\Temp\xcAsmg4.5 --defsym=__MPLAB_BUILD=1 \
  --fixupoverflow=error \
  -Mdist/default/production/GPIO_Driver.production.map \
  --md=C:\Users\DELL\AppData\Local\Temp\xcAsmg4.dat -E1 -ver=XC8 Compiler \
  --acfsm=1493 -ACODE=00h-0FFFFh -ACONST=00h-0FFFFh \
  -ASMALLCONST=01000h-010FFhx240 -AMEDIUMCONST=01000h-0FFFFh \
  -ACOMRAM=01h-07Fh -AABS1=00h-0F7Fh -ABIGRAM=01h-0F7Fh \
  -ARAM=080h-0FFh,0100h-01FFhx14,0F00h-0F7Fh -ABANK0=080h-0FFh \
  -ABANK1=0100h-01FFh -ABANK2=0200h-02FFh -ABANK3=0300h-03FFh \
  -ABANK4=0400h-04FFh -ABANK5=0500h-05FFh -ABANK6=0600h-06FFh \
  -ABANK7=0700h-07FFh -ABANK8=0800h-08FFh -ABANK9=0900h-09FFh \
  -ABANK10=0A00h-0AFFh -ABANK11=0B00h-0BFFh -ABANK12=0C00h-0CFFh \
  -ABANK13=0D00h-0DFFh -ABANK14=0E00h-0EFFh -ABANK15=0F00h-0F7Fh \
  -ASFR=0F80h-0FFFh -ABIGSFR=0F80h-0FFFh -ACONFIG=0300000h-030000Dh \
  -AIDLOC=0200000h-0200007h -AEEDATA=0F00000h-0F003FFh -peeprom_data=EEDATA \
  -preset_vec=00h,intcode=08h,intcodelo,powerup,init -pramtop=01000h \
  -psmallconst=SMALLCONST -pmediumconst=MEDIUMCONST -pconst=CONST \
  -AFARRAM=00h-00h \
  -prdata=COMRAM,nvrram=COMRAM,nvbit=COMRAM,rbss=COMRAM,rbit=COMRAM \
  -pfarbss=FARRAM,fardata=FARRAM,nvFARRAM=FARRAM \
  -pintsave_regs=BIGRAM,bigbss=BIGRAM,bigdata=BIGRAM -pbss=RAM \
  -pidata=CODE,irdata=CODE,ibigdata=CODE,ifardata=CODE -prparam=COMRAM \
  C:\Users\DELL\AppData\Local\Temp\xcAsmg4.o \
  dist/default/production\GPIO_Driver.production.o 

Object code version is 3.11

Machine type is 18F4620



                Name                               Link     Load   Length Selector   Space Scale
C:\Users\DELL\AppData\Local\Temp\xcAsmg4.o
                idloc                            200000   200000        8        0       5
                config                           300000   300000        E        0       4
                init                                  E        E        4        4       0
                reset_vec                             0        0        4        0       0
dist/default/production\GPIO_Driver.production.o
                intcode                               8        8        6        4       0
                idloc                            200000   200000        8        0       5
                config                           300000   300000        E        0       4
                temp                                 69       69        1        1       1
                smallconst                         1000     1000       16      800       0
                text36                             2C20     2C20        4      80B       0
                text35                             2C1C     2C1C        4      80B       0
                text34                             2C18     2C18        4      80B       0
                text33                             2AC2     2AC2       3C      80B       0
                text32                             2670     2670       B0      80B       0
                text31                             2944     2944       72      80B       0
                text30                             242A     242A      140      80B       0
                text29                             28CE     28CE       76      80B       0
                text28                             29B6     29B6       66      80B       0
                text27                             2B30     2B30       30      80B       0
                text26                             2BB6     2BB6        E      80B       0
                text25                             2B60     2B60       2E      80B       0
                text24                             2C14     2C14        4      80B       0
                text23                             2C10     2C10        4      80B       0
                text22                             2C0C     2C0C        4      80B       0
                text21                             2C08     2C08        4      80B       0
                text20                             2C04     2C04        4      80B       0
                text19                             2C00     2C00        4      80B       0
                text18                             2BFC     2BFC        4      80B       0
                text17                             2BE8     2BE8        C      80B       0
                text16                             2BDC     2BDC        C      80B       0
                text15                             2BF4     2BF4        8      80B       0
                text14                             2BD0     2BD0        C      80B       0
                intcode_body                       1D5C     1D5C      26E      80B       0
                text12                             1500     1500      4C2      80B       0
                text11                             19C2     19C2      39A      80B       0
                text10                             256A     256A      106      80B       0
                text9                              1FCA     1FCA      1B4      80B       0
                text8                              1016     1016      4EA      80B       0
                text7                              2720     2720       A4      80B       0
                text6                              2852     2852       7C      80B       0
                text5                              2A7C     2A7C       46      80B       0
                text4                              217E     217E      162      80B       0
                text3                              22E0     22E0      14A      80B       0
                text2                              27C4     27C4       8E      80B       0
                text1                              2B8E     2B8E       28      80B       0
                text0                              2BC4     2BC4        C      80B       0
                cstackCOMRAM                          1        1       44        1       1
                cstackBANK0                          CE       CE       16       80       1
                dataBANK0                            80       80       32       80       1
                bssBANK0                             B2       B2       1C       80       1
                dataCOMRAM                           66       66        3        1       1
                bssCOMRAM                            45       45       21        1       1
                cinit                              2A1C     2A1C       60      80B       0
                idataBANK0                         2AFE     2AFE       32      80B       0
                idataCOMRAM                        2C24     2C24        3      80B       0

TOTAL           Name                               Link     Load   Length     Space
        CLASS   CODE           
                intcode                               8        8        6         0
                init                                  E        E        4         0
                reset_vec                             0        0        4         0
                text36                             2C20     2C20        4         0
                text35                             2C1C     2C1C        4         0
                text34                             2C18     2C18        4         0
                text33                             2AC2     2AC2       3C         0
                text32                             2670     2670       B0         0
                text31                             2944     2944       72         0
                text30                             242A     242A      140         0
                text29                             28CE     28CE       76         0
                text28                             29B6     29B6       66         0
                text27                             2B30     2B30       30         0
                text26                             2BB6     2BB6        E         0
                text25                             2B60     2B60       2E         0
                text24                             2C14     2C14        4         0
                text23                             2C10     2C10        4         0
                text22                             2C0C     2C0C        4         0
                text21                             2C08     2C08        4         0
                text20                             2C04     2C04        4         0
                text19                             2C00     2C00        4         0
                text18                             2BFC     2BFC        4         0
                text17                             2BE8     2BE8        C         0
                text16                             2BDC     2BDC        C         0
                text15                             2BF4     2BF4        8         0
                text14                             2BD0     2BD0        C         0
                intcode_body                       1D5C     1D5C      26E         0
                text12                             1500     1500      4C2         0
                text11                             19C2     19C2      39A         0
                text10                             256A     256A      106         0
                text9                              1FCA     1FCA      1B4         0
                text8                              1016     1016      4EA         0
                text7                              2720     2720       A4         0
                text6                              2852     2852       7C         0
                text5                              2A7C     2A7C       46         0
                text4                              217E     217E      162         0
                text3                              22E0     22E0      14A         0
                text2                              27C4     27C4       8E         0
                text1                              2B8E     2B8E       28         0
                text0                              2BC4     2BC4        C         0
                cinit                              2A1C     2A1C       60         0
                idataBANK0                         2AFE     2AFE       32         0
                idataCOMRAM                        2C24     2C24        3         0

        CLASS   CONST          

        CLASS   SMALLCONST     
                smallconst                         1000     1000       16         0

        CLASS   MEDIUMCONST    

        CLASS   COMRAM         
                temp                                 69       69        1         1
                cstackCOMRAM                          1        1       44         1
                dataCOMRAM                           66       66        3         1
                bssCOMRAM                            45       45       21         1

        CLASS   ABS1           

        CLASS   BIGRAM         

        CLASS   RAM            

        CLASS   BANK0          
                cstackBANK0                          CE       CE       16         1
                dataBANK0                            80       80       32         1
                bssBANK0                             B2       B2       1C         1

        CLASS   BANK1          

        CLASS   BANK2          

        CLASS   BANK3          

        CLASS   BANK4          

        CLASS   BANK5          

        CLASS   BANK6          

        CLASS   BANK7          

        CLASS   BANK8          

        CLASS   BANK9          

        CLASS   BANK10         

        CLASS   BANK11         

        CLASS   BANK12         

        CLASS   BANK13         

        CLASS   BANK14         

        CLASS   BANK15         

        CLASS   SFR            

        CLASS   BIGSFR         

        CLASS   CONFIG         
                config                           300000   300000        E         4

        CLASS   IDLOC          
                idloc                            200000   200000        8         5

        CLASS   EEDATA         

        CLASS   FARRAM         

        CLASS   HEAP           

        CLASS   STACK          



SEGMENTS        Name                           Load    Length   Top    Selector   Space  Class

                reset_vec                      000000  000004  000004         0       0  CODE    
                cstackCOMRAM                   000001  000069  00006A         1       1  COMRAM  
                intcode                        000008  00000A  000012         4       0  CODE    
                dataBANK0                      000080  000064  0000E4        80       1  BANK0   
                smallconst                     001000  000016  001016       800       0  SMALLCON
                text8                          001016  001C11  002C27       80B       0  CODE    


UNUSED ADDRESS RANGES

        Name                Unused          Largest block    Delta
        BANK0            0000E4-0000FF               1C
        BANK1            000100-0001FF              100
        BANK10           000A00-000AFF              100
        BANK11           000B00-000BFF              100
        BANK12           000C00-000CFF              100
        BANK13           000D00-000DFF              100
        BANK14           000E00-000EFF              100
        BANK15           000F00-000F7F               80
        BANK2            000200-0002FF              100
        BANK3            000300-0003FF              100
        BANK4            000400-0004FF              100
        BANK5            000500-0005FF              100
        BANK6            000600-0006FF              100
        BANK7            000700-0007FF              100
        BANK8            000800-0008FF              100
        BANK9            000900-0009FF              100
        BIGRAM           00006A-00007F               16
                         0000E4-000F7F              E9C
        BIGSFR           000F80-000FFF               80
        CODE             000004-000007                4
                         000012-000FFF              FEE
                         002C27-00FFFF             D3D9
        COMRAM           00006A-00007F               16
        CONST            000004-000007                4
                         000012-000FFF              FEE
                         002C27-00FFFF             D3D9
        EEDATA           F00000-F003FF              400
        MEDIUMCONST      002C27-00FFFF             D3D9
        RAM              0000E4-000F7F              100
        SFR              000F80-000FFF               80
        SMALLCONST       002C27-00FFFF              100

                                  Symbol Table

?___fladd                                  cstackCOMRAM 00003D
?___fldiv                                  cstackCOMRAM 000024
?___fltol                                  cstackCOMRAM 000016
?___xxtofl                                 cstackCOMRAM 000016
CCP_CompareMode_set_Value@F3101            bssBANK0     0000CC
Dc_motor_initialize@F3042                  bssCOMRAM    000064
Dc_motor_initialize@F3044                  bssCOMRAM    000063
Dc_motor_stop@F3065                        bssCOMRAM    00005E
Dc_motor_stop@F3067                        bssCOMRAM    00005D
Dc_motor_turn_left@F3051                   bssCOMRAM    000062
Dc_motor_turn_left@F3053                   bssCOMRAM    000061
Dc_motor_turn_right@F3058                  bssCOMRAM    000060
Dc_motor_turn_right@F3060                  bssCOMRAM    00005F
EUSART_ASYNC_Init@_eusart                  cstackBANK0  0000E2
EUSART_ASYNC_ReadByte_NonBlocking@_data    cstackCOMRAM 000003
EUSART_ASYNC_ReadByte_NonBlocking@_eusart  cstackCOMRAM 000001
EUSART_ASYNC_ReadByte_NonBlocking@ret      cstackCOMRAM 000005
EUSART_BUADRATE_Calculation@_eusart        cstackBANK0  0000D6
EUSART_BUADRATE_Calculation@baud_rate_Temp cstackBANK0  0000DA
_ADCON0bits                                (abs)        000FC2
_ADCON1bits                                (abs)        000FC1
_ADCON2bits                                (abs)        000FC0
_ADC_ISR                                   text36       002C20
_ADC_InterruptHandler                      bssCOMRAM    000053
_ADRESH                                    (abs)        000FC4
_ADRESL                                    (abs)        000FC3
_Application_initialize                    text1        002B8E
_BAUDCONbits                               (abs)        000FB8
_CCP1CONbits                               (abs)        000FBD
_CCP1_ISR                                  text35       002C1C
_CCP1_InterruptHandler                     bssCOMRAM    000051
_CCP2CONbits                               (abs)        000FBA
_CCP2_ISR                                  text34       002C18
_CCP2_InterruptHandler                     bssCOMRAM    00004F
_CCPR1H                                    (abs)        000FBF
_CCPR1L                                    (abs)        000FBE
_CCPR2H                                    (abs)        000FBC
_CCPR2L                                    (abs)        000FBB
_EEADR                                     (abs)        000FA9
_EEADRH                                    (abs)        000FAA
_EECON1bits                                (abs)        000FA6
_EECON2                                    (abs)        000FA7
_EEDATA                                    (abs)        000FA8
_EUSART_ASYNC_Init                         text5        002A7C
_EUSART_ASYNC_ReadByte_NonBlocking         text33       002AC2
_EUSART_BUADRATE_Calculation               text8        001016
_EUSART_BUADRATE_Calculation$4513          cstackBANK0  0000DE
_EUSART_FramingErrorHandler                bssBANK0     0000CA
_EUSART_IN                                 text26       002BB6
_EUSART_OUT                                text28       0029B6
_EUSART_OverrunErrorHandler                bssBANK0     0000C8
_EUSART_RX_ISR                             text27       002B30
_EUSART_RX_InterruptHandler                bssCOMRAM    00004B
_EUSART_TX_ISR                             text25       002B60
_EUSART_TX_InterruptHandler                bssCOMRAM    00004D
_INT0_ISR                                  text24       002C14
_INT0_InterruptHandler                     bssBANK0     0000C6
_INT1_ISR                                  text23       002C10
_INT1_InterruptHandler                     bssBANK0     0000C4
_INT2_ISR                                  text22       002C0C
_INT2_InterruptHandler                     bssBANK0     0000C2
_INTCON2bits                               (abs)        000FF1
_INTCON3bits                               (abs)        000FF0
_INTCONbits                                (abs)        000FF2
_InterruptManager                          intcode      000008
_LATA                                      (abs)        000F89
_LATB                                      (abs)        000F8A
_LATC                                      (abs)        000F8B
_LATD                                      (abs)        000F8C
_LATE                                      (abs)        000F8D
_PIE1bits                                  (abs)        000F9D
_PIE2bits                                  (abs)        000FA0
_PIR1bits                                  (abs)        000F9E
_PIR2bits                                  (abs)        000FA1
_PORTA                                     (abs)        000F80
_PORTB                                     (abs)        000F81
_PORTBbits                                 (abs)        000F81
_PORTC                                     (abs)        000F82
_PORTD                                     (abs)        000F83
_PORTE                                     (abs)        000F84
_RB4_ISR                                   text21       002C08
_RB4_InterruptHandler                      bssBANK0     0000C0
_RB5_ISR                                   text20       002C04
_RB5_InterruptHandler                      bssBANK0     0000BE
_RB6_ISR                                   text19       002C00
_RB6_InterruptHandler                      bssBANK0     0000BC
_RB7_ISR                                   text18       002BFC
_RB7_InterruptHandler                      bssBANK0     0000BA
_RCREG                                     (abs)        000FAE
_RCSTAbits                                 (abs)        000FAB
_SPBRG                                     (abs)        000FAF
_SPBRGH                                    (abs)        000FB0
_T0CONbits                                 (abs)        000FD5
_T1CONbits                                 (abs)        000FCD
_T2CONbits                                 (abs)        000FCA
_T3CONbits                                 (abs)        000FB1
_TIMER0_ISR                                text17       002BE8
_TIMER0_InterruptHandler                   bssBANK0     0000B8
_TIMER1_ISR                                text16       002BDC
_TIMER1_InterruptHandler                   bssBANK0     0000B6
_TIMER2_ISR                                text15       002BF4
_TIMER2_InterruptHandler                   bssBANK0     0000B4
_TIMER3_ISR                                text14       002BD0
_TIMER3_InterruptHandler                   bssBANK0     0000B2
_TMR0H                                     (abs)        000FD7
_TMR0L                                     (abs)        000FD6
_TMR1H                                     (abs)        000FCF
_TMR1L                                     (abs)        000FCE
_TMR2                                      (abs)        000FCC
_TMR3H                                     (abs)        000FB3
_TMR3L                                     (abs)        000FB2
_TRISA                                     (abs)        000F92
_TRISB                                     (abs)        000F93
_TRISC                                     (abs)        000F94
_TRISCbits                                 (abs)        000F94
_TRISD                                     (abs)        000F95
_TRISE                                     (abs)        000F96
_TXREG                                     (abs)        000FAD
_TXSTAbits                                 (abs)        000FAC
__HRAM                                     (abs)        000000
__Habs1                                    abs1         000000
__Hbank0                                   bank0        000000
__Hbank1                                   bank1        000000
__Hbank10                                  bank10       000000
__Hbank11                                  bank11       000000
__Hbank12                                  bank12       000000
__Hbank13                                  bank13       000000
__Hbank14                                  bank14       000000
__Hbank15                                  bank15       000000
__Hbank2                                   bank2        000000
__Hbank3                                   bank3        000000
__Hbank4                                   bank4        000000
__Hbank5                                   bank5        000000
__Hbank6                                   bank6        000000
__Hbank7                                   bank7        000000
__Hbank8                                   bank8        000000
__Hbank9                                   bank9        000000
__Hbigbss                                  bigbss       000000
__Hbigdata                                 bigdata      000000
__Hbigram                                  bigram       000000
__Hbigsfr                                  bigsfr       000000
__Hbss                                     bss          000000
__HbssBANK0                                bssBANK0     000000
__HbssCOMRAM                               bssCOMRAM    000000
__Hcinit                                   cinit        000000
__Hclrtext                                 clrtext      000000
__Hcomram                                  comram       000000
__Hconfig                                  config       30000E
__Hconst                                   const        000000
__HcstackBANK0                             cstackBANK0  000000
__HcstackCOMRAM                            cstackCOMRAM 000000
__Hdata                                    data         000000
__HdataBANK0                               dataBANK0    000000
__HdataCOMRAM                              dataCOMRAM   000000
__Heeprom_data                             eeprom_data  000000
__Hfarbss                                  farbss       000000
__Hfardata                                 fardata      000000
__Hheap                                    heap         000000
__Hibigdata                                ibigdata     000000
__Hidata                                   idata        000000
__HidataBANK0                              idataBANK0   000000
__HidataCOMRAM                             idataCOMRAM  000000
__Hidloc                                   idloc        200008
__Hifardata                                ifardata     000000
__Hinit                                    init         000012
__Hintcode                                 intcode      00000E
__Hintcode_body                            intcode_body 000000
__Hintcodelo                               intcodelo    00000E
__Hintentry                                intentry     000000
__Hintret                                  intret       000000
__Hintsave_regs                            intsave_regs 000000
__Hirdata                                  irdata       000000
__Hmediumconst                             mediumconst  000000
__HnvFARRAM                                nvFARRAM     000000
__Hnvbit                                   nvbit        000000
__Hnvrram                                  nvrram       000000
__Hparam                                   rparam       000000
__Hpowerup                                 powerup      00000E
__Hram                                     ram          000000
__Hramtop                                  ramtop       001000
__Hrbit                                    rbit         000000
__Hrbss                                    rbss         000000
__Hrdata                                   rdata        000000
__Hreset_vec                               reset_vec    000004
__Hrparam                                  rparam       000000
__Hsfr                                     sfr          000000
__Hsmallconst                              smallconst   001016
__Hspace_0                                 (abs)        002C27
__Hspace_1                                 (abs)        0000E4
__Hspace_2                                 (abs)        000000
__Hspace_4                                 (abs)        60000E
__Hstack                                   stack        000000
__Hstruct                                  struct       000000
__Htemp                                    temp         00006A
__Htext                                    text         000000
__Htext0                                   text0        000000
__Htext1                                   text1        000000
__Htext10                                  text10       000000
__Htext11                                  text11       000000
__Htext12                                  text12       000000
__Htext14                                  text14       000000
__Htext15                                  text15       000000
__Htext16                                  text16       000000
__Htext17                                  text17       000000
__Htext18                                  text18       000000
__Htext19                                  text19       000000
__Htext2                                   text2        000000
__Htext20                                  text20       000000
__Htext21                                  text21       000000
__Htext22                                  text22       000000
__Htext23                                  text23       000000
__Htext24                                  text24       000000
__Htext25                                  text25       000000
__Htext26                                  text26       000000
__Htext27                                  text27       000000
__Htext28                                  text28       000000
__Htext29                                  text29       000000
__Htext3                                   text3        000000
__Htext30                                  text30       000000
__Htext31                                  text31       000000
__Htext32                                  text32       000000
__Htext33                                  text33       000000
__Htext34                                  text34       000000
__Htext35                                  text35       000000
__Htext36                                  text36       000000
__Htext37                                  text37       000000
__Htext4                                   text4        000000
__Htext5                                   text5        000000
__Htext6                                   text6        000000
__Htext7                                   text7        000000
__Htext8                                   text8        000000
__Htext9                                   text9        000000
__LRAM                                     (abs)        000001
__Labs1                                    abs1         000000
__Lbank0                                   bank0        000000
__Lbank1                                   bank1        000000
__Lbank10                                  bank10       000000
__Lbank11                                  bank11       000000
__Lbank12                                  bank12       000000
__Lbank13                                  bank13       000000
__Lbank14                                  bank14       000000
__Lbank15                                  bank15       000000
__Lbank2                                   bank2        000000
__Lbank3                                   bank3        000000
__Lbank4                                   bank4        000000
__Lbank5                                   bank5        000000
__Lbank6                                   bank6        000000
__Lbank7                                   bank7        000000
__Lbank8                                   bank8        000000
__Lbank9                                   bank9        000000
__Lbigbss                                  bigbss       000000
__Lbigdata                                 bigdata      000000
__Lbigram                                  bigram       000000
__Lbigsfr                                  bigsfr       000000
__Lbss                                     bss          000000
__LbssBANK0                                bssBANK0     000000
__LbssCOMRAM                               bssCOMRAM    000000
__Lcinit                                   cinit        000000
__Lclrtext                                 clrtext      000000
__Lcomram                                  comram       000000
__Lconfig                                  config       000000
__Lconst                                   const        000000
__LcstackBANK0                             cstackBANK0  000000
__LcstackCOMRAM                            cstackCOMRAM 000000
__Ldata                                    data         000000
__LdataBANK0                               dataBANK0    000000
__LdataCOMRAM                              dataCOMRAM   000000
__Leeprom_data                             eeprom_data  000000
__Lfarbss                                  farbss       000000
__Lfardata                                 fardata      000000
__Lheap                                    heap         000000
__Libigdata                                ibigdata     000000
__Lidata                                   idata        000000
__LidataBANK0                              idataBANK0   000000
__LidataCOMRAM                             idataCOMRAM  000000
__Lidloc                                   idloc        000000
__Lifardata                                ifardata     000000
__Linit                                    init         00000E
__Lintcode                                 intcode      000008
__Lintcode_body                            intcode_body 000000
__Lintcodelo                               intcodelo    00000E
__Lintentry                                intentry     000000
__Lintret                                  intret       000000
__Lintsave_regs                            intsave_regs 000000
__Lirdata                                  irdata       000000
__Lmediumconst                             mediumconst  000000
__LnvFARRAM                                nvFARRAM     000000
__Lnvbit                                   nvbit        000000
__Lnvrram                                  nvrram       000000
__Lparam                                   rparam       000000
__Lpowerup                                 powerup      00000E
__Lram                                     ram          000000
__Lramtop                                  ramtop       001000
__Lrbit                                    rbit         000000
__Lrbss                                    rbss         000000
__Lrdata                                   rdata        000000
__Lreset_vec                               reset_vec    000000
__Lrparam                                  rparam       000000
__Lsfr                                     sfr          000000
__Lsmallconst                              smallconst   001000
__Lspace_0                                 (abs)        000000
__Lspace_1                                 (abs)        000000
__Lspace_2                                 (abs)        000000
__Lspace_4                                 (abs)        000000
__Lstack                                   stack        000000
__Lstruct                                  struct       000000
__Ltemp                                    temp         000069
__Ltext                                    text         000000
__Ltext0                                   text0        000000
__Ltext1                                   text1        000000
__Ltext10                                  text10       000000
__Ltext11                                  text11       000000
__Ltext12                                  text12       000000
__Ltext14                                  text14       000000
__Ltext15                                  text15       000000
__Ltext16                                  text16       000000
__Ltext17                                  text17       000000
__Ltext18                                  text18       000000
__Ltext19                                  text19       000000
__Ltext2                                   text2        000000
__Ltext20                                  text20       000000
__Ltext21                                  text21       000000
__Ltext22                                  text22       000000
__Ltext23                                  text23       000000
__Ltext24                                  text24       000000
__Ltext25                                  text25       000000
__Ltext26                                  text26       000000
__Ltext27                                  text27       000000
__Ltext28                                  text28       000000
__Ltext29                                  text29       000000
__Ltext3                                   text3        000000
__Ltext30                                  text30       000000
__Ltext31                                  text31       000000
__Ltext32                                  text32       000000
__Ltext33                                  text33       000000
__Ltext34                                  text34       000000
__Ltext35                                  text35       000000
__Ltext36                                  text36       000000
__Ltext37                                  text37       000000
__Ltext4                                   text4        000000
__Ltext5                                   text5        000000
__Ltext6                                   text6        000000
__Ltext7                                   text7        000000
__Ltext8                                   text8        000000
__Ltext9                                   text9        000000
__S0                                       (abs)        002C27
__S1                                       (abs)        0000E4
__S4                                       (abs)        000000
__S5                                       (abs)        000000
___fladd                                   text12       001500
___fladd@a                                 cstackCOMRAM 000041
___fladd@aexp                              cstackBANK0  0000D3
___fladd@b                                 cstackCOMRAM 00003D
___fladd@bexp                              cstackBANK0  0000D4
___fladd@grs                               cstackBANK0  0000D5
___fladd@signs                             cstackBANK0  0000D2
___fldiv                                   text11       0019C2
___fldiv@a                                 cstackCOMRAM 000028
___fldiv@aexp                              cstackCOMRAM 00003C
___fldiv@b                                 cstackCOMRAM 000024
___fldiv@bexp                              cstackCOMRAM 00003B
___fldiv@grs                               cstackCOMRAM 000037
___fldiv@new_exp                           cstackCOMRAM 000035
___fldiv@rem                               cstackCOMRAM 000030
___fldiv@sign                              cstackCOMRAM 000034
___fltol                                   text10       00256A
___fltol@exp1                              cstackCOMRAM 00001F
___fltol@f1                                cstackCOMRAM 000016
___fltol@sign1                             cstackCOMRAM 00001E
___heap_hi                                 (abs)        000000
___heap_lo                                 (abs)        000000
___inthi_sp                                stack        000000
___intlo_sp                                stack        000000
___param_bank                              (abs)        000000
___rparam_used                             (abs)        000001
___sp                                      stack        000000
___xxtofl                                  text9        001FCA
___xxtofl@arg                              cstackCOMRAM 000020
___xxtofl@exp                              cstackCOMRAM 00001F
___xxtofl@sign                             cstackCOMRAM 00001E
___xxtofl@val                              cstackCOMRAM 000016
__accesstop                                (abs)        000080
__activetblptr                             (abs)        000003
__end_of_ADC_ISR                           text36       002C24
__end_of_Application_initialize            text1        002BB6
__end_of_CCP1_ISR                          text35       002C20
__end_of_CCP2_ISR                          text34       002C1C
__end_of_EUSART_ASYNC_Init                 text5        002AC2
__end_of_EUSART_ASYNC_ReadByte_NonBlocking text33       002AFE
__end_of_EUSART_BUADRATE_Calculation       text8        001500
__end_of_EUSART_IN                         text26       002BC4
__end_of_EUSART_OUT                        text28       002A1C
__end_of_EUSART_RX_ISR                     text27       002B60
__end_of_EUSART_TX_ISR                     text25       002B8E
__end_of_INT0_ISR                          text24       002C18
__end_of_INT1_ISR                          text23       002C14
__end_of_INT2_ISR                          text22       002C10
__end_of_InterruptManager                  intcode_body 001FCA
__end_of_RB4_ISR                           text21       002C0C
__end_of_RB5_ISR                           text20       002C08
__end_of_RB6_ISR                           text19       002C04
__end_of_RB7_ISR                           text18       002C00
__end_of_TIMER0_ISR                        text17       002BF4
__end_of_TIMER1_ISR                        text16       002BE8
__end_of_TIMER2_ISR                        text15       002BFC
__end_of_TIMER3_ISR                        text14       002BDC
__end_of___fladd                           text12       0019C2
__end_of___fldiv                           text11       001D5C
__end_of___fltol                           text10       002670
__end_of___xxtofl                          text9        00217E
__end_of__initialization                   cinit        002A72
__end_of_btn_values                        smallconst   001011
__end_of_eusart_async_rx_init              text7        0027C4
__end_of_eusart_async_tx_init              text6        0028CE
__end_of_gpio_pin_direction_init           text4        0022E0
__end_of_gpio_pin_toggle_logic             text32       002720
__end_of_gpio_pin_write_logic              text3        00242A
__end_of_led_initialize                    text2        002852
__end_of_led_toggle_logic                  text31       0029B6
__end_of_led_turn_on                       text29       002944
__end_of_main                              text0        002BD0
__end_ofi2_gpio_pin_write_logic            text30       00256A
__initialization                           cinit        002A1C
__mediumconst                              mediumconst  000000
__pbssBANK0                                bssBANK0     0000B2
__pbssCOMRAM                               bssCOMRAM    000045
__pcinit                                   cinit        002A1C
__pcstackBANK0                             cstackBANK0  0000CE
__pcstackCOMRAM                            cstackCOMRAM 000001
__pdataBANK0                               dataBANK0    000080
__pdataCOMRAM                              dataCOMRAM   000066
__pidataBANK0                              idataBANK0   002AFE
__pidataCOMRAM                             idataCOMRAM  002C24
__pintcode                                 intcode      000008
__pintcode_body                            intcode_body 001D5C
__psmallconst                              smallconst   001000
__ptext0                                   text0        002BC4
__ptext1                                   text1        002B8E
__ptext10                                  text10       00256A
__ptext11                                  text11       0019C2
__ptext12                                  text12       001500
__ptext14                                  text14       002BD0
__ptext15                                  text15       002BF4
__ptext16                                  text16       002BDC
__ptext17                                  text17       002BE8
__ptext18                                  text18       002BFC
__ptext19                                  text19       002C00
__ptext2                                   text2        0027C4
__ptext20                                  text20       002C04
__ptext21                                  text21       002C08
__ptext22                                  text22       002C0C
__ptext23                                  text23       002C10
__ptext24                                  text24       002C14
__ptext25                                  text25       002B60
__ptext26                                  text26       002BB6
__ptext27                                  text27       002B30
__ptext28                                  text28       0029B6
__ptext29                                  text29       0028CE
__ptext3                                   text3        0022E0
__ptext30                                  text30       00242A
__ptext31                                  text31       002944
__ptext32                                  text32       002670
__ptext33                                  text33       002AC2
__ptext34                                  text34       002C18
__ptext35                                  text35       002C1C
__ptext36                                  text36       002C20
__ptext37                                  text37       000000
__ptext4                                   text4        00217E
__ptext5                                   text5        002A7C
__ptext6                                   text6        002852
__ptext7                                   text7        002720
__ptext8                                   text8        001016
__ptext9                                   text9        001FCA
__ramtop                                   ramtop       001000
__smallconst                               smallconst   001000
_eusart_async_rx_init                      text7        002720
_eusart_async_tx_init                      text6        002852
_gpio_pin_direction_init                   text4        00217E
_gpio_pin_toggle_logic                     text32       002670
_gpio_pin_write_logic                      text3        0022E0
_lat_register                              dataBANK0    00008A
_led1                                      dataCOMRAM   000068
_led2                                      dataCOMRAM   000067
_led_initialize                            text2        0027C4
_led_toggle_logic                          text31       002944
_led_turn_on                               text29       0028CE
_main                                      text0        002BC4
_port_register                             dataBANK0    000080
_ret                                       dataCOMRAM   000066
_timer0_preload                            bssCOMRAM    000049
_timer1_preload_value                      bssCOMRAM    000047
_timer2_preload_value                      bssCOMRAM    000055
_timer3_preload_value                      bssCOMRAM    000045
_tris_register                             dataBANK0    000094
_usart_obj                                 dataBANK0    00009E
_value_usart                               bssCOMRAM    000065
btemp                                      temp         000069
end_of_initialization                      cinit        002A72
eusart_async_rx_init@_eusart               cstackCOMRAM 000016
eusart_async_tx_init@_eusart               cstackCOMRAM 000016
gpio_pin_direction_init@_pin_config_t      cstackCOMRAM 000016
gpio_pin_direction_init@ret                cstackCOMRAM 00001E
gpio_pin_toggle_logic@_pin_config_t        cstackCOMRAM 000001
gpio_pin_write_logic@_pin_config_t         cstackCOMRAM 000016
gpio_pin_write_logic@logic                 cstackCOMRAM 000018
gpio_pin_write_logic@ret                   cstackCOMRAM 00001F
i2_gpio_pin_write_logic                    text30       00242A
i2gpio_pin_write_logic@_pin_config_t       cstackCOMRAM 000001
i2gpio_pin_write_logic@logic               cstackCOMRAM 000003
int$flags                                  temp         000069
int_func                                   intcode_body 001D5C
intlevel0                                  text         000000
intlevel1                                  text         000000
intlevel2                                  text         000000
intlevel3                                  text         000000
isa$std                                    (abs)        000001
isa$xinst                                  (abs)        000000
led_initialize@F3043                       bssCOMRAM    00005C
led_initialize@led                         cstackCOMRAM 000020
led_initialize@pin_obj                     cstackCOMRAM 000023
led_toggle_logic@F3058                     bssCOMRAM    000059
led_toggle_logic@led                       cstackCOMRAM 000008
led_toggle_logic@pin_obj                   cstackCOMRAM 00000B
led_turn_off@F3053                         bssCOMRAM    00005A
led_turn_on@F3048                          bssCOMRAM    00005B
led_turn_on@led                            cstackCOMRAM 00000A
led_turn_on@pin_obj                        cstackCOMRAM 00000D
relay_initialize@F3037                     bssCOMRAM    000058
relay_turn_off@F3047                       bssCOMRAM    000056
relay_turn_on@F3042                        bssCOMRAM    000057
stackhi                                    (abs)        000000
stacklo                                    (abs)        000000
start                                      init         00000E
start_initialization                       cinit        002A1C
ttemp5                                     temp         00006A
ttemp6                                     temp         00006D
ttemp7                                     temp         000071
wtemp8                                     temp         00006A


MODULE INFORMATION

Module		Function		Class		Link	Load	Size
hal_timer1.c
		_TIMER1_ISR    		CODE           	2BDC	0000	12

hal_timer1.c estimated size: 12

C:\Program Files\Microchip\xc8\v2.40\pic\sources\c99\common\sprcdiv.c
		___fldiv       		CODE           	19C2	0000	922

C:\Program Files\Microchip\xc8\v2.40\pic\sources\c99\common\sprcdiv.c estimated size: 922

MCAL_Layer/TIMER0/TIMER0.c
		_TIMER0_ISR    		CODE           	2BE8	0000	12

MCAL_Layer/TIMER0/TIMER0.c estimated size: 12

C:\Program Files\Microchip\xc8\v2.40\pic\sources\c99\common\fltol.c
		___fltol       		CODE           	256A	0000	262

C:\Program Files\Microchip\xc8\v2.40\pic\sources\c99\common\fltol.c estimated size: 262

C:\Program Files\Microchip\xc8\v2.40\pic\sources\c99\common\sprcadd.c
		___fladd       		CODE           	1500	0000	1218

C:\Program Files\Microchip\xc8\v2.40\pic\sources\c99\common\sprcadd.c estimated size: 1218

Application.c
		_EUSART_IN     		CODE           	2BB6	0000	14
		_EUSART_OUT    		CODE           	29B6	0000	102
		_main          		CODE           	2BC4	0000	12
		_Application_initialize		CODE           	2B8E	0000	40

Application.c estimated size: 168

MCAL_Layer/Interrupt/hal_extrenal_interrupt.c
		_RB4_ISR       		CODE           	2C08	0000	4
		_RB5_ISR       		CODE           	2C04	0000	4
		_RB6_ISR       		CODE           	2C00	0000	4
		_RB7_ISR       		CODE           	2BFC	0000	4
		_INT0_ISR      		CODE           	2C14	0000	4
		_INT1_ISR      		CODE           	2C10	0000	4
		_INT2_ISR      		CODE           	2C0C	0000	4

MCAL_Layer/Interrupt/hal_extrenal_interrupt.c estimated size: 28

C:\Program Files\Microchip\xc8\v2.40\pic\sources\c99\common\xxtofl.c
		___xxtofl      		CODE           	1FCA	0000	436

C:\Program Files\Microchip\xc8\v2.40\pic\sources\c99\common\xxtofl.c estimated size: 436

MCAL_Layer/usart/hal_usart.c
		_EUSART_BUADRATE_Calculation		CODE           	1016	0000	1258
		_EUSART_RX_ISR 		CODE           	2B30	0000	48
		_EUSART_TX_ISR 		CODE           	2B60	0000	46
		_EUSART_ASYNC_Init		CODE           	2A7C	0000	70
		_EUSART_ASYNC_ReadByte_NonBlocking		CODE           	2AC2	0000	60
		_eusart_async_rx_init		CODE           	2720	0000	164
		_eusart_async_tx_init		CODE           	2852	0000	124

MCAL_Layer/usart/hal_usart.c estimated size: 1770

MCAL_Layer/Interrupt/hal_manager_interrupt.c
		_InterruptManager		CODE           	0008	0000	628

MCAL_Layer/Interrupt/hal_manager_interrupt.c estimated size: 628

shared
		_btn_values    		SMALLCONST     	0000	0000	0
		__initialization		CODE           	2A1C	0000	86
		i2_gpio_pin_write_logic		CODE           	242A	0000	320

shared estimated size: 406

MCAL_Layer/ADC/hal_adc.c
		_ADC_ISR       		CODE           	2C20	0000	4

MCAL_Layer/ADC/hal_adc.c estimated size: 4

MCAL_Layer/TIMER3/timer3.c
		_TIMER3_ISR    		CODE           	2BD0	0000	12

MCAL_Layer/TIMER3/timer3.c estimated size: 12

MCAL_Layer/hal_gpio.c
		_gpio_pin_write_logic		CODE           	22E0	0000	330
		_gpio_pin_direction_init		CODE           	217E	0000	354
		_gpio_pin_toggle_logic		CODE           	2670	0000	176

MCAL_Layer/hal_gpio.c estimated size: 860

ECU_Layer/Ecu_led.c
		_led_initialize		CODE           	27C4	0000	142
		_led_turn_on   		CODE           	28CE	0000	118
		_led_toggle_logic		CODE           	2944	0000	114

ECU_Layer/Ecu_led.c estimated size: 374

MCAL_Layer/TIMER2/timer2.c
		_TIMER2_ISR    		CODE           	2BF4	0000	8

MCAL_Layer/TIMER2/timer2.c estimated size: 8

MCAL_Layer/CCP1/ccp.c
		_CCP1_ISR      		CODE           	2C1C	0000	4
		_CCP2_ISR      		CODE           	2C18	0000	4

MCAL_Layer/CCP1/ccp.c estimated size: 8

